[chatki.com/index.html]
[backblue.gif]
[fade.gif]
[index.html]
[chatki.com/assets/img/favicon.ico]
[chatki.com/assets/img/share.jpg]
[chatki.com/assets/img/diamond_chat.png]
[chatki.com/assets/img/bg.jpg]
[www.google-analytics.com/analytics.js]
[chatki.com/assets/img/logo.png]
[chatki.com/app.html]
[chatki.com/about/index.html]
[chatki.com/videos/index.html]
[chatki.com/assets/img/video-chatting.jpg]
[chatki.com/assets/img/videos/siren.jpg]
[chatki.com/assets/img/videos/get-girls.jpg]
[chatki.com/help/index.html]
[chatki.com/faq/index.html]
[chatki.com/videos/vol1.html]
[chatki.com/assets/img/videos/caught-on-omegle.jpg]
[chatki.com/videos/vol2.html]
[chatki.com/assets/img/videos/girls-understand.jpg]
[chatki.com/videos/vol3.html]
[chatki.com/videos/vol4.html]
[chatki.com/assets/css/main.minff3e.css]
[chatki.com/contact-us/index.html]
[chatki.com/privacy/index.html]
[chatki.com/terms/index.html]
[maxcdn.bootstrapcdn.com/font-awesome/4.7.0/css/font-awesome.min.css]
[connect.facebook.net/en_US/all.js]
[chatki.com/index.html]
[chatki.com/assets/img/videos/dad-on-omegle.jpg]
[chatki.com/assets/img/videos/met-my-boss.jpg]
[chatki.com/videos/vol5.html]
[chatki.com/assets/js/common.js]
[chatki.com/videos/vol6.html]
[chatki.com/assets/img/videos/found-ex.jpg]
[chatki.com/assets/img/videos/meeting-pewdiepie.jpg]
[chatki.com/videos/vol7.html]
[chatki.com/assets/img/videos/smiley-on-omegle.jpg]
[chatki.com/videos/vol8.html]
[s7.addthis.com/js/300/addthis_widget.js]
[chatki.com/assets/img/videos/bieber-prank-omegle.jpg]
[chatki.com/videos/vol9.html]
[chatki.com/videos/vol10.html]
[chatki.com/assets/img/videos/meeting-haters.jpg]
[chatki.com/assets/img/videos/jeff-the-killer.jpg]
[chatki.com/videos/vol11.html]
[chatki.com/videos/index.html]
[chatki.com/about/index.html]
[chatki.com/assets/img/chat-ban.jpg]
[chatki.com/videos/vol12.html]
[chatki.com/assets/img/chat-bubbles.jpg]
[chatki.com/faq/index.html]
[chatki.com/help/index.html]
[chatki.com/app.html]
[chatki.com/videos/vol1.html]
[chatki.com/videos/vol2.html]
[chatki.com/videos/vol3.html]
[chatki.com/videos/vol4.html]
[chatki.com/privacy/index.html]
[chatki.com/terms/index.html]
[chatki.com/contact-us/index.html]
[chatki.com/assets/fonts/fontello1013.eot]
[chatki.com/assets/fonts/fontello1013.woff2]
[chatki.com/assets/fonts/fontello1013.woff]
[chatki.com/assets/fonts/fontello1013.ttf]
[chatki.com/assets/css/main.minff3e.css]
[maxcdn.bootstrapcdn.com/font-awesome/4.7.0/css/font-awesome.min.css]
[chatki.com/assets/fonts/fontello1013.svg]
[connect.facebook.net/en_US/all.js]
[chatki.com/videos/vol5.html]
[chatki.com/videos/vol6.html]
[chatki.com/videos/vol7.html]
[chatki.com/videos/vol8.html]
[chatki.com/videos/vol9.html]
[chatki.com/videos/vol10.html]
[chatki.com/videos/vol11.html]
[chatki.com/videos/vol12.html]
[chatki.com/assets/fonts/fontello1013.svg]
[chatki.com/ABCDEFGHIJKLMNOPQRSTUVWXYZabcdefghijklmnopqrstuvwxyz0123456789+/index.html]
[chatki.com/ABCDEFGHIJKLMNOPQRSTUVWXYZabcdefghijklmnopqrstuvwxyz0123456789+/index.html]
[chatki.com/%s/profile4d6d.html]
